#-----------------------------------------------------------
# Vivado v2024.2 (64-bit)
# SW Build 5239630 on Fri Nov 08 22:35:27 MST 2024
# IP Build 5239520 on Sun Nov 10 16:12:51 MST 2024
# SharedData Build 5239561 on Fri Nov 08 14:39:27 MST 2024
# Start of session at: Mon Apr  7 23:35:48 2025
# Process ID         : 16860
# Current directory  : E:/HDMI_Transmitter/HDMI_Transmitter/HDMI_Transmitter.runs/impl_1
# Command line       : vivado.exe -log hdmi_transmitter_top.vdi -applog -product Vivado -messageDb vivado.pb -mode batch -source hdmi_transmitter_top.tcl -notrace
# Log file           : E:/HDMI_Transmitter/HDMI_Transmitter/HDMI_Transmitter.runs/impl_1/hdmi_transmitter_top.vdi
# Journal file       : E:/HDMI_Transmitter/HDMI_Transmitter/HDMI_Transmitter.runs/impl_1\vivado.jou
# Running On         : DESKTOP-7ORFPJ0
# Platform           : Windows Server 2016 or Windows 10
# Operating System   : 19045
# Processor Detail   : 11th Gen Intel(R) Core(TM) i5-11400H @ 2.70GHz
# CPU Frequency      : 2688 MHz
# CPU Physical cores : 6
# CPU Logical cores  : 12
# Host memory        : 25373 MB
# Swap memory        : 3758 MB
# Total Virtual      : 29131 MB
# Available Virtual  : 10362 MB
#-----------------------------------------------------------
source hdmi_transmitter_top.tcl -notrace
